{'task_id': 'test_error_task_22', 'url': 'https://youtu.be/e26vQ3ddHRE', 'status': 'ready', 'percent': 100.0, 'created_at': 1785944305.8674295, 'speed': 'Merging MP4...', 'eta': '0s', 'downloaded_bytes': 2379833, 'total_bytes': 2379833, 'filepath': 'C:\\Users\\Atulya\\Desktop\\backend-python\\backend-python\\app\\downloads\\test_error_task_22.mp4', 'filename': 'MOURINHO  Official Trailer  Netflix.mp4', 'title': 'MOURINHO | Official Trailer | Netflix'}